* installing *source* package ‘dsFlower’ ...
** this is package ‘dsFlower’ version ‘0.5.1’
** using staged installation
[dsFlower configure] Python: /usr/bin/python3.11 (Python 3.11.10)
[dsFlower configure] Venv root: /var/lib/dsflower/venvs
[dsFlower configure] Provisioning Python environments for ML frameworks...

[dsFlower configure]   native-tree: creating venv...
[dsFlower configure]   native-tree: installing flwr==1.31.0 numpy==2.4.6 pandas==3.0.3 pyarrow==23.0.1 cryptography==46.0.7
[dsFlower configure]   native-tree: ready.
[dsFlower configure]   pytorch: creating venv...
[dsFlower configure]   pytorch: installing flwr==1.31.0 numpy>=1.21.0 pandas>=1.3.0 pyarrow>=10.0.0 cryptography>=42.0.0 torch>=2.0.0,<3.0.0 opacus>=1.4.0,<2.0.0 torchvision>=0.15.0,<1.0.0 Pillow>=9.0.0 nibabel>=5.0.0 pydicom>=2.4.0 pynrrd>=1.0.0 SimpleITK>=2.2.0 monai>=1.3.0
[dsFlower configure]   pytorch: ready.
[dsFlower configure] GPU visible -> also building the CUDA torch venv (pytorch-gpu).
[dsFlower configure]   pytorch-gpu: creating venv...
[dsFlower configure]   pytorch-gpu: installing flwr==1.31.0 numpy>=1.21.0 pandas>=1.3.0 pyarrow>=10.0.0 cryptography>=42.0.0 torch>=2.0.0,<3.0.0 opacus>=1.4.0,<2.0.0 torchvision>=0.15.0,<1.0.0 Pillow>=9.0.0 nibabel>=5.0.0 pydicom>=2.4.0 pynrrd>=1.0.0 SimpleITK>=2.2.0 monai>=1.3.0
[dsFlower configure]   pytorch-gpu: ready.

[dsFlower configure] Python environment setup complete.
[dsFlower configure] Venvs stored in: /var/lib/dsflower/venvs
[dsFlower configure]   native-tree: 401M
[dsFlower configure]   pytorch: 1.7G
[dsFlower configure]   pytorch-gpu: 7.7G
** R
** inst
** byte-compile and prepare package for lazy loading
** help
*** installing help indices
** building package indices
** testing if installed package can be loaded from temporary location
** testing if installed package can be loaded from final location
** testing if installed package keeps a record of temporary installation path
* DONE (dsFlower)
