{"python": "3.11.10 (main, Sep  7 2024, 18:35:41) [GCC 11.4.0]", "versions": {"torch": "2.6.0+cu124", "opacus": "1.6.0", "flwr": "1.31.0"}, "kind": "gru"}
PHASE client_app import
PHASE recurrent model construction
  File "<string>", line 20, in <module>
  File "/opt/cells-sequence/Rlib/dsFlower/flower_app/dsflower_runner/params.py", line 89, in load_user_model
    from opacus.validators import ModuleValidator
  File "<frozen importlib._bootstrap>", line 1176, in _find_and_load
  File "<frozen importlib._bootstrap>", line 1126, in _find_and_load_unlocked
  File "<frozen importlib._bootstrap>", line 241, in _call_with_frames_removed
  File "<frozen importlib._bootstrap>", line 1176, in _find_and_load
  File "<frozen importlib._bootstrap>", line 1147, in _find_and_load_unlocked
  File "<frozen importlib._bootstrap>", line 690, in _load_unlocked
  File "<frozen importlib._bootstrap_external>", line 940, in exec_module
  File "<frozen importlib._bootstrap>", line 241, in _call_with_frames_removed
  File "/opt/cells-sequence/venvs/pytorch-gpu/lib/python3.11/site-packages/opacus/__init__.py", line 18, in <module>
    from .privacy_engine import PrivacyEngine
  File "<frozen importlib._bootstrap>", line 1176, in _find_and_load
  File "<frozen importlib._bootstrap>", line 1147, in _find_and_load_unlocked
  File "<frozen importlib._bootstrap>", line 690, in _load_unlocked
  File "<frozen importlib._bootstrap_external>", line 940, in exec_module
  File "<frozen importlib._bootstrap>", line 241, in _call_with_frames_removed
  File "/opt/cells-sequence/venvs/pytorch-gpu/lib/python3.11/site-packages/opacus/privacy_engine.py", line 21, in <module>
    from opacus.accountants import create_accountant
  File "<frozen importlib._bootstrap>", line 1176, in _find_and_load
  File "<frozen importlib._bootstrap>", line 1147, in _find_and_load_unlocked
  File "<frozen importlib._bootstrap>", line 690, in _load_unlocked
  File "<frozen importlib._bootstrap_external>", line 940, in exec_module
  File "<frozen importlib._bootstrap>", line 241, in _call_with_frames_removed
  File "/opt/cells-sequence/venvs/pytorch-gpu/lib/python3.11/site-packages/opacus/accountants/__init__.py", line 15, in <module>
    from .accountant import IAccountant
  File "<frozen importlib._bootstrap>", line 1176, in _find_and_load
  File "<frozen importlib._bootstrap>", line 1147, in _find_and_load_unlocked
  File "<frozen importlib._bootstrap>", line 690, in _load_unlocked
  File "<frozen importlib._bootstrap_external>", line 940, in exec_module
  File "<frozen importlib._bootstrap>", line 241, in _call_with_frames_removed
  File "/opt/cells-sequence/venvs/pytorch-gpu/lib/python3.11/site-packages/opacus/accountants/accountant.py", line 20, in <module>
    from opacus.optimizers import DPOptimizer
  File "<frozen importlib._bootstrap>", line 1176, in _find_and_load
  File "<frozen importlib._bootstrap>", line 1147, in _find_and_load_unlocked
  File "<frozen importlib._bootstrap>", line 690, in _load_unlocked
  File "<frozen importlib._bootstrap_external>", line 940, in exec_module
  File "<frozen importlib._bootstrap>", line 241, in _call_with_frames_removed
  File "/opt/cells-sequence/venvs/pytorch-gpu/lib/python3.11/site-packages/opacus/optimizers/__init__.py", line 21, in <module>
    from .fsdpoptimizer_fast_gradient_clipping import FSDPOptimizerFastGradientClipping
  File "<frozen importlib._bootstrap>", line 1176, in _find_and_load
  File "<frozen importlib._bootstrap>", line 1147, in _find_and_load_unlocked
  File "<frozen importlib._bootstrap>", line 690, in _load_unlocked
  File "<frozen importlib._bootstrap_external>", line 940, in exec_module
  File "<frozen importlib._bootstrap>", line 241, in _call_with_frames_removed
  File "/opt/cells-sequence/venvs/pytorch-gpu/lib/python3.11/site-packages/opacus/optimizers/fsdpoptimizer_fast_gradient_clipping.py", line 21, in <module>
    from torch.distributed._tensor.experimental import implicit_replication
  File "<frozen importlib._bootstrap>", line 1176, in _find_and_load
  File "<frozen importlib._bootstrap>", line 1126, in _find_and_load_unlocked
  File "<frozen importlib._bootstrap>", line 241, in _call_with_frames_removed
  File "<frozen importlib._bootstrap>", line 1176, in _find_and_load
  File "<frozen importlib._bootstrap>", line 1147, in _find_and_load_unlocked
  File "<frozen importlib._bootstrap>", line 690, in _load_unlocked
  File "<frozen importlib._bootstrap_external>", line 940, in exec_module
  File "<frozen importlib._bootstrap>", line 241, in _call_with_frames_removed
  File "/opt/cells-sequence/venvs/pytorch-gpu/lib/python3.11/site-packages/torch/distributed/_tensor/__init__.py", line 24, in <module>
    sys.modules[f"torch.distributed._tensor.{submodule}"] = import_module(
  File "/usr/lib/python3.11/importlib/__init__.py", line 126, in import_module
    return _bootstrap._gcd_import(name[level:], package, level)
  File "<frozen importlib._bootstrap>", line 1204, in _gcd_import
  File "<frozen importlib._bootstrap>", line 1176, in _find_and_load
  File "<frozen importlib._bootstrap>", line 1147, in _find_and_load_unlocked
  File "<frozen importlib._bootstrap>", line 690, in _load_unlocked
  File "<frozen importlib._bootstrap_external>", line 940, in exec_module
  File "<frozen importlib._bootstrap>", line 241, in _call_with_frames_removed
  File "/opt/cells-sequence/venvs/pytorch-gpu/lib/python3.11/site-packages/torch/distributed/tensor/_shards_wrapper.py", line 11, in <module>
    from torch.distributed.checkpoint.metadata import (
  File "<frozen importlib._bootstrap>", line 1176, in _find_and_load
  File "<frozen importlib._bootstrap>", line 1126, in _find_and_load_unlocked
  File "<frozen importlib._bootstrap>", line 241, in _call_with_frames_removed
  File "<frozen importlib._bootstrap>", line 1176, in _find_and_load
  File "<frozen importlib._bootstrap>", line 1147, in _find_and_load_unlocked
  File "<frozen importlib._bootstrap>", line 690, in _load_unlocked
  File "<frozen importlib._bootstrap_external>", line 940, in exec_module
  File "<frozen importlib._bootstrap>", line 241, in _call_with_frames_removed
  File "/opt/cells-sequence/venvs/pytorch-gpu/lib/python3.11/site-packages/torch/distributed/checkpoint/__init__.py", line 2, in <module>
    from .default_planner import DefaultLoadPlanner, DefaultSavePlanner
  File "<frozen importlib._bootstrap>", line 1176, in _find_and_load
  File "<frozen importlib._bootstrap>", line 1147, in _find_and_load_unlocked
  File "<frozen importlib._bootstrap>", line 690, in _load_unlocked
  File "<frozen importlib._bootstrap_external>", line 940, in exec_module
  File "<frozen importlib._bootstrap>", line 241, in _call_with_frames_removed
  File "/opt/cells-sequence/venvs/pytorch-gpu/lib/python3.11/site-packages/torch/distributed/checkpoint/default_planner.py", line 13, in <module>
    from torch.distributed._shard._utils import narrow_tensor_by_index
  File "<frozen importlib._bootstrap>", line 1176, in _find_and_load
  File "<frozen importlib._bootstrap>", line 1126, in _find_and_load_unlocked
  File "<frozen importlib._bootstrap>", line 241, in _call_with_frames_removed
  File "<frozen importlib._bootstrap>", line 1176, in _find_and_load
  File "<frozen importlib._bootstrap>", line 1147, in _find_and_load_unlocked
  File "<frozen importlib._bootstrap>", line 690, in _load_unlocked
  File "<frozen importlib._bootstrap_external>", line 940, in exec_module
  File "<frozen importlib._bootstrap>", line 241, in _call_with_frames_removed
  File "/opt/cells-sequence/venvs/pytorch-gpu/lib/python3.11/site-packages/torch/distributed/_shard/__init__.py", line 1, in <module>
    from .api import _shard_tensor, load_with_process_group, shard_module, shard_parameter
  File "<frozen importlib._bootstrap>", line 1176, in _find_and_load
  File "<frozen importlib._bootstrap>", line 1147, in _find_and_load_unlocked
  File "<frozen importlib._bootstrap>", line 690, in _load_unlocked
  File "<frozen importlib._bootstrap_external>", line 940, in exec_module
  File "<frozen importlib._bootstrap>", line 241, in _call_with_frames_removed
  File "/opt/cells-sequence/venvs/pytorch-gpu/lib/python3.11/site-packages/torch/distributed/_shard/api.py", line 9, in <module>
    from torch.distributed._shard.sharded_tensor import ShardedTensor
  File "<frozen importlib._bootstrap>", line 1176, in _find_and_load
  File "<frozen importlib._bootstrap>", line 1147, in _find_and_load_unlocked
  File "<frozen importlib._bootstrap>", line 690, in _load_unlocked
  File "<frozen importlib._bootstrap_external>", line 940, in exec_module
  File "<frozen importlib._bootstrap>", line 241, in _call_with_frames_removed
  File "/opt/cells-sequence/venvs/pytorch-gpu/lib/python3.11/site-packages/torch/distributed/_shard/sharded_tensor/__init__.py", line 8, in <module>
    from .api import (
  File "<frozen importlib._bootstrap>", line 1176, in _find_and_load
  File "<frozen importlib._bootstrap>", line 1147, in _find_and_load_unlocked
  File "<frozen importlib._bootstrap>", line 690, in _load_unlocked
  File "<frozen importlib._bootstrap_external>", line 940, in exec_module
  File "<frozen importlib._bootstrap>", line 241, in _call_with_frames_removed
  File "/opt/cells-sequence/venvs/pytorch-gpu/lib/python3.11/site-packages/torch/distributed/_shard/sharded_tensor/api.py", line 31, in <module>
    from .reshard import reshard_local_shard, reshuffle_local_shard
  File "<frozen importlib._bootstrap>", line 1176, in _find_and_load
  File "<frozen importlib._bootstrap>", line 1147, in _find_and_load_unlocked
  File "<frozen importlib._bootstrap>", line 690, in _load_unlocked
  File "<frozen importlib._bootstrap_external>", line 940, in exec_module
  File "<frozen importlib._bootstrap>", line 241, in _call_with_frames_removed
  File "/opt/cells-sequence/venvs/pytorch-gpu/lib/python3.11/site-packages/torch/distributed/_shard/sharded_tensor/reshard.py", line 14, in <module>
    from torch.distributed.nn.functional import all_to_all, all_to_all_single
  File "<frozen importlib._bootstrap>", line 1176, in _find_and_load
  File "<frozen importlib._bootstrap>", line 1126, in _find_and_load_unlocked
  File "<frozen importlib._bootstrap>", line 241, in _call_with_frames_removed
  File "<frozen importlib._bootstrap>", line 1176, in _find_and_load
  File "<frozen importlib._bootstrap>", line 1147, in _find_and_load_unlocked
  File "<frozen importlib._bootstrap>", line 690, in _load_unlocked
  File "<frozen importlib._bootstrap_external>", line 940, in exec_module
  File "<frozen importlib._bootstrap>", line 241, in _call_with_frames_removed
  File "/opt/cells-sequence/venvs/pytorch-gpu/lib/python3.11/site-packages/torch/distributed/nn/__init__.py", line 7, in <module>
    from .api.remote_module import RemoteModule
  File "<frozen importlib._bootstrap>", line 1176, in _find_and_load
  File "<frozen importlib._bootstrap>", line 1147, in _find_and_load_unlocked
  File "<frozen importlib._bootstrap>", line 690, in _load_unlocked
  File "<frozen importlib._bootstrap_external>", line 940, in exec_module
  File "<frozen importlib._bootstrap>", line 241, in _call_with_frames_removed
  File "/opt/cells-sequence/venvs/pytorch-gpu/lib/python3.11/site-packages/torch/distributed/nn/api/remote_module.py", line 42, in <module>
    instantiator.instantiate_non_scriptable_remote_module_template()
  File "/opt/cells-sequence/venvs/pytorch-gpu/lib/python3.11/site-packages/torch/distributed/nn/jit/instantiator.py", line 154, in instantiate_non_scriptable_remote_module_template
    return _do_instantiate_remote_module_template(generated_module_name, str_dict, True)
  File "/opt/cells-sequence/venvs/pytorch-gpu/lib/python3.11/site-packages/torch/distributed/nn/jit/instantiator.py", line 96, in _do_instantiate_remote_module_template
    generated_module = importlib.import_module(f"{generated_module_name}")
  File "/usr/lib/python3.11/importlib/__init__.py", line 126, in import_module
    return _bootstrap._gcd_import(name[level:], package, level)
  File "<frozen importlib._bootstrap>", line 1204, in _gcd_import
  File "<frozen importlib._bootstrap>", line 1176, in _find_and_load
  File "<frozen importlib._bootstrap>", line 1138, in _find_and_load_unlocked
  File "<frozen importlib._bootstrap>", line 1078, in _find_spec
  File "/opt/cells-sequence/Rlib/dsFlower/python/sitecustomize.py", line 296, in find_spec
    _verify_foreign(top, pkg_dir)   # aborts on any failure
  File "/opt/cells-sequence/Rlib/dsFlower/python/sitecustomize.py", line 190, in _verify_foreign
    _abort("package '%s' is not in pinned_packages.json (default-deny)."
  File "<string>", line 6, in traced_abort

DSFLOWER SECURITY: package '_remote_module_non_scriptable' is not in pinned_packages.json (default-deny).
Aborting process.

