test_private_conversion_error_never_crosses_flower_boundary (test_dpsgd_guards.ClientAppExceptionBoundaryTests.test_private_conversion_error_never_crosses_flower_boundary) ... ok
test_budget_conversion_rejects_non_finite_or_invalid_targets (test_dpsgd_guards.DpSgdAccountingTests.test_budget_conversion_rejects_non_finite_or_invalid_targets) ... ok
test_calibration_cache_reuses_only_the_exact_public_horizon (test_dpsgd_guards.DpSgdAccountingTests.test_calibration_cache_reuses_only_the_exact_public_horizon) ... ok
test_calibration_matches_opacus_loader_rate_and_exact_steps (test_dpsgd_guards.DpSgdAccountingTests.test_calibration_matches_opacus_loader_rate_and_exact_steps) ... /opt/cells-sequence/venvs/pytorch-gpu/lib/python3.11/site-packages/opacus/privacy_engine.py:98: UserWarning: Secure RNG turned off. This is perfectly fine for experimentation as it allows for much faster training performance, but remember to turn it on and retrain one last time before production with ``secure_mode`` turned on.
  warnings.warn(
ok
test_effective_mechanism_changes_with_sigma_clip_or_geometry (test_dpsgd_guards.DpSgdAccountingTests.test_effective_mechanism_changes_with_sigma_clip_or_geometry) ... ok
test_effective_mechanism_ignores_raw_budget_when_calibration_matches (test_dpsgd_guards.DpSgdAccountingTests.test_effective_mechanism_ignores_raw_budget_when_calibration_matches) ... ok
test_master_seed_tracks_effective_not_raw_dpsgd_policy (test_dpsgd_guards.DpSgdAccountingTests.test_master_seed_tracks_effective_not_raw_dpsgd_policy) ... ok
test_missing_secure_sampling_rng_fails_closed (test_dpsgd_guards.DpSgdAccountingTests.test_missing_secure_sampling_rng_fails_closed) ... ok
test_opacus_calibrator_receives_transformed_add_remove_target (test_dpsgd_guards.DpSgdAccountingTests.test_opacus_calibrator_receives_transformed_add_remove_target) ... ok
test_replace_one_budget_conversion_matches_two_step_group_privacy (test_dpsgd_guards.DpSgdAccountingTests.test_replace_one_budget_conversion_matches_two_step_group_privacy) ... ok
test_deep_valid_graph_backward_overflow_is_totalized (test_dpsgd_guards.FiniteGateTests.test_deep_valid_graph_backward_overflow_is_totalized) ... ok
test_nonfinite_per_sample_gradients_are_totalized_before_l2_clip (test_dpsgd_guards.FiniteGateTests.test_nonfinite_per_sample_gradients_are_totalized_before_l2_clip) ... ok
test_opacus_clip_wrapper_totalizes_exactly_once_immediately_pre_clip (test_dpsgd_guards.FiniteGateTests.test_opacus_clip_wrapper_totalizes_exactly_once_immediately_pre_clip) ... ok
test_private_input_gate_rejects_nan_and_infinity (test_dpsgd_guards.FiniteGateTests.test_private_input_gate_rejects_nan_and_infinity) ... ok
test_public_bounds_with_subnormal_span_remain_total (test_dpsgd_guards.FiniteGateTests.test_public_bounds_with_subnormal_span_remain_total) ... ok
test_public_hook_arrays_are_bounded_and_finite (test_dpsgd_guards.FiniteGateTests.test_public_hook_arrays_are_bounded_and_finite) ... ok
test_release_gate_rejects_non_finite_parameter (test_dpsgd_guards.FiniteGateTests.test_release_gate_rejects_non_finite_parameter) ... ok
test_vectorized_patient_pooling_preserves_reference_semantics (test_dpsgd_guards.FiniteGateTests.test_vectorized_patient_pooling_preserves_reference_semantics) ... ok
test_initial_and_local_hooks_receive_same_params_and_owned_rounds (test_dpsgd_guards.HookAppPublicConfigTests.test_initial_and_local_hooks_receive_same_params_and_owned_rounds) ... ok
test_invalid_params_fail_before_hook_import_or_private_read (test_dpsgd_guards.HookAppPublicConfigTests.test_invalid_params_fail_before_hook_import_or_private_read) ... ok
test_malformed_reserved_nonfinite_and_oversized_params_fail_closed (test_dpsgd_guards.HookAppPublicConfigTests.test_malformed_reserved_nonfinite_and_oversized_params_fail_closed) ... ok
test_manifest_pin_mismatch_is_rejected (test_dpsgd_guards.HookAppPublicConfigTests.test_manifest_pin_mismatch_is_rejected) ... ok
test_recursive_params_and_server_round_metadata_are_exact (test_dpsgd_guards.HookAppPublicConfigTests.test_recursive_params_and_server_round_metadata_are_exact) ... ok
test_adjacency_and_hook_resource_limits_are_server_pinned (test_dpsgd_guards.ManifestPrivacyContractTests.test_adjacency_and_hook_resource_limits_are_server_pinned) ... ok
test_hook_child_receives_server_pinned_resource_limits (test_dpsgd_guards.ManifestPrivacyContractTests.test_hook_child_receives_server_pinned_resource_limits) ... ok
test_hook_noise_key_is_bound_to_the_validated_pre_noise_update (test_dpsgd_guards.ManifestPrivacyContractTests.test_hook_noise_key_is_bound_to_the_validated_pre_noise_update) ... ok
test_hook_requires_independent_resource_isolation_attestation (test_dpsgd_guards.ManifestPrivacyContractTests.test_hook_requires_independent_resource_isolation_attestation) ... ok
test_hostile_npy_shape_is_rejected_before_np_load (test_dpsgd_guards.ManifestPrivacyContractTests.test_hostile_npy_shape_is_rejected_before_np_load) ... ok
test_isolated_hook_python_and_numpy_training_are_deterministic (test_dpsgd_guards.ManifestPrivacyContractTests.test_isolated_hook_python_and_numpy_training_are_deterministic) ... ok
test_sample_aggregate_padding_wraps_the_release_once (test_dpsgd_guards.ManifestPrivacyContractTests.test_sample_aggregate_padding_wraps_the_release_once) ... ok
test_3d_backbone_heads_keep_canonical_pooling_geometry (test_dpsgd_guards.NeuralSemanticConfigTests.test_3d_backbone_heads_keep_canonical_pooling_geometry) ... ok
test_backbone_makes_model_fallback_inert (test_dpsgd_guards.NeuralSemanticConfigTests.test_backbone_makes_model_fallback_inert) ... ok
test_backbone_minimum_image_sizes_are_exact (test_dpsgd_guards.NeuralSemanticConfigTests.test_backbone_minimum_image_sizes_are_exact) ... ok
test_frozen_extractor_profiles_are_exact_and_versioned (test_dpsgd_guards.NeuralSemanticConfigTests.test_frozen_extractor_profiles_are_exact_and_versioned) ... ok
test_real_monai_densenet3d_has_canonical_output_geometry (test_dpsgd_guards.NeuralSemanticConfigTests.test_real_monai_densenet3d_has_canonical_output_geometry) ... ok
test_resampling_geometry_is_a_sticky_seed_axis_only_when_present (test_dpsgd_guards.NeuralSemanticConfigTests.test_resampling_geometry_is_a_sticky_seed_axis_only_when_present) ... ok
test_training_vision_width_must_match_the_canonical_backbone (test_dpsgd_guards.NeuralSemanticConfigTests.test_training_vision_width_must_match_the_canonical_backbone) ... ok
test_transport_aliases_canonicalize_to_effective_bounds (test_dpsgd_guards.NeuralSemanticConfigTests.test_transport_aliases_canonicalize_to_effective_bounds) ... ok
test_vision_extractor_profile_is_not_a_nominal_seed_axis (test_dpsgd_guards.NeuralSemanticConfigTests.test_vision_extractor_profile_is_not_a_nominal_seed_axis) ... ok
test_count_and_shape_mismatch_are_rejected (test_dpsgd_guards.NumericOverflowTests.test_count_and_shape_mismatch_are_rejected) ... ok
test_extreme_finite_candidate_is_stably_clipped (test_dpsgd_guards.NumericOverflowTests.test_extreme_finite_candidate_is_stably_clipped) ... ok
test_gaussian_release_is_float64_finite_and_saturated (test_dpsgd_guards.NumericOverflowTests.test_gaussian_release_is_float64_finite_and_saturated) ... ok
test_nan_hook_exploit_releases_only_finite_bounded_postprocessing (test_dpsgd_guards.NumericOverflowTests.test_nan_hook_exploit_releases_only_finite_bounded_postprocessing) ... ok
test_nonfinite_or_overflowing_candidate_maps_to_zero_delta (test_dpsgd_guards.NumericOverflowTests.test_nonfinite_or_overflowing_candidate_maps_to_zero_delta) ... ok
test_3d_features_stream_in_byte_bounded_batches (test_dpsgd_guards.PatientIdGateTests.test_3d_features_stream_in_byte_bounded_batches) ... ok
test_csv_patient_ids_are_lossless_and_match_pinned_roster (test_dpsgd_guards.PatientIdGateTests.test_csv_patient_ids_are_lossless_and_match_pinned_roster) ... ok
test_detached_mhd_is_totalized_without_starting_decoder (test_dpsgd_guards.PatientIdGateTests.test_detached_mhd_is_totalized_without_starting_decoder) ... ok
test_detached_nrrd_is_totalized_without_reading_sidecar (test_dpsgd_guards.PatientIdGateTests.test_detached_nrrd_is_totalized_without_reading_sidecar) ... ok
test_image_larger_than_batch_cap_fails_before_decode (test_dpsgd_guards.PatientIdGateTests.test_image_larger_than_batch_cap_fails_before_decode) ... ok
test_image_paths_are_regular_files_contained_by_the_image_root (test_dpsgd_guards.PatientIdGateTests.test_image_paths_are_regular_files_contained_by_the_image_root) ... ok
test_invalid_image_size_never_reaches_zero_allocation (test_dpsgd_guards.PatientIdGateTests.test_invalid_image_size_never_reaches_zero_allocation) ... ok
test_mha_must_embed_its_payload (test_dpsgd_guards.PatientIdGateTests.test_mha_must_embed_its_payload) ... ok
test_missing_and_literal_sentinel_merge_conservatively (test_dpsgd_guards.PatientIdGateTests.test_missing_and_literal_sentinel_merge_conservatively) ... ok
test_nifti_header_limit_precedes_voxel_decode (test_dpsgd_guards.PatientIdGateTests.test_nifti_header_limit_precedes_voxel_decode) ... ok
test_nrrd_header_limit_precedes_voxel_decode (test_dpsgd_guards.PatientIdGateTests.test_nrrd_header_limit_precedes_voxel_decode) ... ok
test_oversized_patient_ids_totalize_before_grouping_and_seeding (test_dpsgd_guards.PatientIdGateTests.test_oversized_patient_ids_totalize_before_grouping_and_seeding) ... ok
test_oversized_source_is_rejected_before_raster_open (test_dpsgd_guards.PatientIdGateTests.test_oversized_source_is_rejected_before_raster_open) ... ok
test_pinned_patient_ids_totalize_missing_empty_and_nan_strings (test_dpsgd_guards.PatientIdGateTests.test_pinned_patient_ids_totalize_missing_empty_and_nan_strings) ... ok
test_pinned_roster_mismatch_is_structural_failure (test_dpsgd_guards.PatientIdGateTests.test_pinned_roster_mismatch_is_structural_failure) ... ok
test_private_bad_image_paths_and_bytes_become_fixed_zero_records (test_dpsgd_guards.PatientIdGateTests.test_private_bad_image_paths_and_bytes_become_fixed_zero_records) ... ok
test_raster_header_limit_precedes_pixel_decode (test_dpsgd_guards.PatientIdGateTests.test_raster_header_limit_precedes_pixel_decode) ... ok
test_row_unit_never_auto_detects_patient_ids (test_dpsgd_guards.PatientIdGateTests.test_row_unit_never_auto_detects_patient_ids) ... ok
test_simpleitk_header_limit_precedes_voxel_decode (test_dpsgd_guards.PatientIdGateTests.test_simpleitk_header_limit_precedes_voxel_decode) ... ok
test_symlink_source_is_rejected_before_raster_open (test_dpsgd_guards.PatientIdGateTests.test_symlink_source_is_rejected_before_raster_open) ... ok
test_tabular_and_image_loaders_both_totalize_patient_ids (test_dpsgd_guards.PatientIdGateTests.test_tabular_and_image_loaders_both_totalize_patient_ids) ... ok
test_v2_patient_id_fixture_matches_active_runner_components (test_dpsgd_guards.PatientIdGateTests.test_v2_patient_id_fixture_matches_active_runner_components) ... ok
test_valid_pinned_patient_ids_are_returned (test_dpsgd_guards.PatientIdGateTests.test_valid_pinned_patient_ids_are_returned) ... ok
test_changed_patient_id_can_affect_two_blocks_and_uses_4c_over_k (test_dpsgd_guards.PatientPartitionTests.test_changed_patient_id_can_affect_two_blocks_and_uses_4c_over_k) ... ok
test_one_patient_never_crosses_blocks_and_has_2c_over_k_sensitivity (test_dpsgd_guards.PatientPartitionTests.test_one_patient_never_crosses_blocks_and_has_2c_over_k_sensitivity) ... ok
test_patient_partition_totalizes_invalid_but_rejects_misaligned_ids (test_dpsgd_guards.PatientPartitionTests.test_patient_partition_totalizes_invalid_but_rejects_misaligned_ids) ... ok
test_combined_tabular_loader_reads_once_and_preserves_units (test_dpsgd_guards.PublicTargetTests.test_combined_tabular_loader_reads_once_and_preserves_units) ... ok
test_invalid_classification_values_map_to_public_code_zero (test_dpsgd_guards.PublicTargetTests.test_invalid_classification_values_map_to_public_code_zero) ... ok
test_invalid_regression_values_map_to_public_bounds_midpoint (test_dpsgd_guards.PublicTargetTests.test_invalid_regression_values_map_to_public_bounds_midpoint) ... ok
test_private_feature_values_use_public_defaults_and_finite_clip (test_dpsgd_guards.PublicTargetTests.test_private_feature_values_use_public_defaults_and_finite_clip) ... ok
test_public_bounds_clip_regression_target (test_dpsgd_guards.PublicTargetTests.test_public_bounds_clip_regression_target) ... ok
test_python_target_boundary_repeats_server_numeric_contract (test_dpsgd_guards.PublicTargetTests.test_python_target_boundary_repeats_server_numeric_contract) ... ok
test_staged_public_codes_do_not_depend_on_observed_categories (test_dpsgd_guards.PublicTargetTests.test_staged_public_codes_do_not_depend_on_observed_categories) ... ok
test_tabular_loader_excludes_pinned_patient_id_from_features (test_dpsgd_guards.PublicTargetTests.test_tabular_loader_excludes_pinned_patient_id_from_features) ... ok
test_bce_logits_is_restricted_to_binary_heads (test_dpsgd_guards.RunPinBoundsTests.test_bce_logits_is_restricted_to_binary_heads) ... ok
test_empty_pinned_privacy_unit_roster_is_structurally_valid (test_dpsgd_guards.RunPinBoundsTests.test_empty_pinned_privacy_unit_roster_is_structurally_valid) ... ok
test_image_config_must_match_the_node_manifest_exactly (test_dpsgd_guards.RunPinBoundsTests.test_image_config_must_match_the_node_manifest_exactly) ... ok
test_incompatible_or_mismatched_optimizer_fields_fail_closed (test_dpsgd_guards.RunPinBoundsTests.test_incompatible_or_mismatched_optimizer_fields_fail_closed) ... ok
test_learning_rate_must_be_finite_and_positive (test_dpsgd_guards.RunPinBoundsTests.test_learning_rate_must_be_finite_and_positive) ... ok
test_only_the_selected_loss_parameter_is_accepted (test_dpsgd_guards.RunPinBoundsTests.test_only_the_selected_loss_parameter_is_accepted) ... ok
test_optimizer_and_scheduler_are_manifest_pinned_and_applied (test_dpsgd_guards.RunPinBoundsTests.test_optimizer_and_scheduler_are_manifest_pinned_and_applied) ... ok
test_quantile_loss_is_pinned_separable_and_bounded (test_dpsgd_guards.RunPinBoundsTests.test_quantile_loss_is_pinned_separable_and_bounded) ... ok
test_tabular_training_accepts_exact_kind_and_rejects_image_fields (test_dpsgd_guards.RunPinBoundsTests.test_tabular_training_accepts_exact_kind_and_rejects_image_fields) ... ok
test_training_horizon_pins_have_strict_absolute_bounds (test_dpsgd_guards.RunPinBoundsTests.test_training_horizon_pins_have_strict_absolute_bounds) ... ok
test_chacha_reciprocal_draw_rejects_modulo_bias (test_dpsgd_guards.SecurePoissonSamplingTests.test_chacha_reciprocal_draw_rejects_modulo_bias) ... ok
test_empty_batch_still_consumes_one_accounted_private_step (test_dpsgd_guards.SecurePoissonSamplingTests.test_empty_batch_still_consumes_one_accounted_private_step) ... /opt/cells-sequence/venvs/pytorch-gpu/lib/python3.11/site-packages/opacus/privacy_engine.py:98: UserWarning: Secure RNG turned off. This is perfectly fine for experimentation as it allows for much faster training performance, but remember to turn it on and retrain one last time before production with ``secure_mode`` turned on.
  warnings.warn(
09/22/2026 01:09:13:WARNING:First batch is empty. We are using a list of zero-valued tensors as a batch. This may cause issues if the model expects a different batch format. To fix, use more data, increase epsilon, or increase sampling rate.
ok
test_missing_or_untrusted_secure_noise_rng_fails_closed (test_dpsgd_guards.SecurePoissonSamplingTests.test_missing_or_untrusted_secure_noise_rng_fails_closed) ... ok
test_sampler_uses_exact_reciprocal_api_and_keeps_empty_draw (test_dpsgd_guards.SecurePoissonSamplingTests.test_sampler_uses_exact_reciprocal_api_and_keeps_empty_draw) ... ok
test_secure_loader_collates_a_first_empty_batch (test_dpsgd_guards.SecurePoissonSamplingTests.test_secure_loader_collates_a_first_empty_batch) ... 09/22/2026 01:09:13:WARNING:First batch is empty. We are using a list of zero-valued tensors as a batch. This may cause issues if the model expects a different batch format. To fix, use more data, increase epsilon, or increase sampling rate.
ok
test_image_training_preflights_extractor_before_private_start (test_dpsgd_guards.StrictNeuralInitializationTests.test_image_training_preflights_extractor_before_private_start) ... ok
test_invalid_neural_initial_model_is_rejected_before_private_read (test_dpsgd_guards.StrictNeuralInitializationTests.test_invalid_neural_initial_model_is_rejected_before_private_read) ... ok
test_neural_horizon_mismatch_fails_before_private_read (test_dpsgd_guards.StrictNeuralInitializationTests.test_neural_horizon_mismatch_fails_before_private_read) ... ok
test_prepare_neural_model_seed_is_independent_of_raw_privacy (test_dpsgd_guards.StrictNeuralInitializationTests.test_prepare_neural_model_seed_is_independent_of_raw_privacy) ... ok
test_private_values_are_never_used_by_architecture_probe (test_dpsgd_guards.StrictNeuralInitializationTests.test_private_values_are_never_used_by_architecture_probe) ... ok
test_set_torch_params_rejects_broadcast_cast_and_nonfinite (test_dpsgd_guards.StrictNeuralInitializationTests.test_set_torch_params_rejects_broadcast_cast_and_nonfinite) ... ok
test_tabular_input_width_comes_from_server_manifest_columns (test_dpsgd_guards.StrictNeuralInitializationTests.test_tabular_input_width_comes_from_server_manifest_columns) ... ok
test_disabled_hook_returns_before_loading_private_data (test_dpsgd_guards.Tier2PinTests.test_disabled_hook_returns_before_loading_private_data) ... ok
test_exact_verified_initializer_wins_over_same_name_module (test_dpsgd_guards.Tier2PinTests.test_exact_verified_initializer_wins_over_same_name_module) ... ok
test_invalid_public_hook_arrays_fail_before_loading_private_data (test_dpsgd_guards.Tier2PinTests.test_invalid_public_hook_arrays_fail_before_loading_private_data) ... ok
test_namespace_directory_without_initializer_is_rejected (test_dpsgd_guards.Tier2PinTests.test_namespace_directory_without_initializer_is_rejected) ... ok
test_node_config_uses_only_manifest_pinned_module (test_dpsgd_guards.Tier2PinTests.test_node_config_uses_only_manifest_pinned_module) ... ok

----------------------------------------------------------------------
Ran 105 tests in 4.588s

OK
