test_alternating_rounds_cannot_reroll_an_older_coordinate (test_release_guard.ReleaseGuardTest.test_alternating_rounds_cannot_reroll_an_older_coordinate) ... ok
test_claim_is_stored_before_private_work (test_release_guard.ReleaseGuardTest.test_claim_is_stored_before_private_work) ... ok
test_claim_survives_fresh_context_for_the_same_run (test_release_guard.ReleaseGuardTest.test_claim_survives_fresh_context_for_the_same_run) ... ok
test_concurrent_processes_cannot_both_claim_one_coordinate (test_release_guard.ReleaseGuardTest.test_concurrent_processes_cannot_both_claim_one_coordinate) ... ok
test_exact_cached_request_replays_but_message_id_is_not_identity (test_release_guard.ReleaseGuardTest.test_exact_cached_request_replays_but_message_id_is_not_identity) ... ok
test_lost_reply_cache_fails_closed_instead_of_releasing_again (test_release_guard.ReleaseGuardTest.test_lost_reply_cache_fails_closed_instead_of_releasing_again) ... ok
test_manifest_rounds_and_policy_contract_are_fixed (test_release_guard.ReleaseGuardTest.test_manifest_rounds_and_policy_contract_are_fixed) ... ok
test_payload_collision_for_provisional_round_fails_before_private_work (test_release_guard.ReleaseGuardTest.test_payload_collision_for_provisional_round_fails_before_private_work) ... ok
test_round_is_exact_and_bounded_by_the_manifest (test_release_guard.ReleaseGuardTest.test_round_is_exact_and_bounded_by_the_manifest) ... ok
test_bound_hook_noise_is_sticky_only_for_the_same_update (test_release_guard.SeedDerivationTest.test_bound_hook_noise_is_sticky_only_for_the_same_update) ... ok
test_every_effective_semantic_axis_changes_the_key (test_release_guard.SeedDerivationTest.test_every_effective_semantic_axis_changes_the_key) ... ok
test_key_is_semantic_sticky_and_operational_metadata_is_ignored (test_release_guard.SeedDerivationTest.test_key_is_semantic_sticky_and_operational_metadata_is_ignored) ... ok
test_oversized_unit_ids_totalize_instead_of_failing (test_release_guard.SeedDerivationTest.test_oversized_unit_ids_totalize_instead_of_failing) ... ok
test_runtime_fingerprint_is_part_of_the_semantic_identity (test_release_guard.SeedDerivationTest.test_runtime_fingerprint_is_part_of_the_semantic_identity) ... ok
test_secret_accepts_only_optional_lf_or_crlf (test_release_guard.SeedDerivationTest.test_secret_accepts_only_optional_lf_or_crlf) ... ok
test_secret_rejects_permissive_whitespace_and_malformed_hex (test_release_guard.SeedDerivationTest.test_secret_rejects_permissive_whitespace_and_malformed_hex) ... ok
test_secret_requires_euid_owner_and_same_opened_inode (test_release_guard.SeedDerivationTest.test_secret_requires_euid_owner_and_same_opened_inode) ... ok
test_secret_requires_exact_mode_regular_file_and_no_symlink (test_release_guard.SeedDerivationTest.test_secret_requires_exact_mode_regular_file_and_no_symlink) ... ok
test_secret_requires_trusted_and_stable_parent (test_release_guard.SeedDerivationTest.test_secret_requires_trusted_and_stable_parent) ... ok
test_semantic_digest_has_a_cross_platform_golden_contract (test_release_guard.SeedDerivationTest.test_semantic_digest_has_a_cross_platform_golden_contract) ... ok
test_stream_is_reproducible_but_domain_separated (test_release_guard.SeedDerivationTest.test_stream_is_reproducible_but_domain_separated) ... ok
test_torch_determinism_is_strict_not_warning_only (test_release_guard.SeedDerivationTest.test_torch_determinism_is_strict_not_warning_only) ... ok
test_windows_metadata_rejects_reparse_and_missing_file_identity (test_release_guard.SeedDerivationTest.test_windows_metadata_rejects_reparse_and_missing_file_identity) ... ok
test_windows_secret_branch_avoids_unix_only_apis (test_release_guard.SeedDerivationTest.test_windows_secret_branch_avoids_unix_only_apis) ... ok

----------------------------------------------------------------------
Ran 24 tests in 3.202s

OK
